------------------------------------------------------------
TimeQuest Timing Analyzer Summary
------------------------------------------------------------

Type  : Slow 1100mV 85C Model Setup 'CLOCK_50'
Slack : -0.772
TNS   : -9.543

Type  : Slow 1100mV 85C Model Hold 'CLOCK_50'
Slack : 0.334
TNS   : 0.000

Type  : Slow 1100mV 85C Model Minimum Pulse Width 'CLOCK_50'
Slack : -0.394
TNS   : -15.137

Type  : Slow 1100mV 0C Model Setup 'CLOCK_50'
Slack : -0.800
TNS   : -9.384

Type  : Slow 1100mV 0C Model Hold 'CLOCK_50'
Slack : 0.326
TNS   : 0.000

Type  : Slow 1100mV 0C Model Minimum Pulse Width 'CLOCK_50'
Slack : -0.394
TNS   : -13.629

Type  : Fast 1100mV 85C Model Setup 'CLOCK_50'
Slack : -0.014
TNS   : -0.041

Type  : Fast 1100mV 85C Model Hold 'CLOCK_50'
Slack : 0.181
TNS   : 0.000

Type  : Fast 1100mV 85C Model Minimum Pulse Width 'CLOCK_50'
Slack : -0.395
TNS   : -10.527

Type  : Fast 1100mV 0C Model Setup 'CLOCK_50'
Slack : 0.037
TNS   : 0.000

Type  : Fast 1100mV 0C Model Hold 'CLOCK_50'
Slack : 0.168
TNS   : 0.000

Type  : Fast 1100mV 0C Model Minimum Pulse Width 'CLOCK_50'
Slack : -0.432
TNS   : -12.572

------------------------------------------------------------
